2026-04-18 16:06:45,680 ERROR [Balonku_–_A_T_Mahmud_Balonku_Ada_Lima]              IOUtils.java:278  | Unmapping is not supported.
java.lang.reflect.InaccessibleObjectException: Unable to make public jdk.internal.ref.Cleaner java.nio.DirectByteBuffer.cleaner() accessible: module java.base does not "opens java.nio" to unnamed module @54bff557
	at java.base/java.lang.reflect.AccessibleObject.throwInaccessibleObjectException(Unknown Source)
	at java.base/java.lang.reflect.AccessibleObject.checkCanSetAccessible(Unknown Source)
	at java.base/java.lang.reflect.AccessibleObject.checkCanSetAccessible(Unknown Source)
	at java.base/java.lang.reflect.Method.checkCanSetAccessible(Unknown Source)
	at java.base/java.lang.reflect.Method.setAccessible(Unknown Source)
	at org.apache.pdfbox.io.IOUtils.unmapper(IOUtils.java:244)
	at java.base/java.security.AccessController.doPrivileged(Unknown Source)
	at org.apache.pdfbox.io.IOUtils.<clinit>(IOUtils.java:69)
	at org.apache.pdfbox.Loader.loadPDF(Loader.java:378)
	at org.audiveris.omr.image.ImageLoading.getPdfLoader(ImageLoading.java:159)
	at org.audiveris.omr.image.ImageLoading.getLoader(ImageLoading.java:209)
	at org.audiveris.omr.sheet.Book.createStubs(Book.java:557)
	at org.audiveris.omr.CLI$ProcessingTask.processBook(CLI.java:830)
	at org.audiveris.omr.CLI$CliTask.call(CLI.java:504)
	at org.audiveris.omr.Main.runBatchTasks(Main.java:371)
	at org.audiveris.omr.Main.main(Main.java:260)
	at Audiveris.main(Audiveris.java:50)
2026-04-18 16:06:45,747 INFO [Balonku_–_A_T_Mahmud_Balonku_Ada_Lima]                 Book.java:562  | 2 sheets in C:\Users\user\Documents\praktikum-iot\PDF BARU\Balonku_–_A_T_Mahmud_Balonku_Ada_Lima.pdf
2026-04-18 16:06:45,986 INFO []                 Book.java:2531 | Stored /book.xml
2026-04-18 16:06:45,986 INFO []                 Book.java:2491 | Book stored as C:\Users\user\Documents\praktikum-iot\MXL\Balonku_–_A_T_Mahmud_Balonku_Ada_Lima.omr
2026-04-18 16:06:45,992 INFO []                 Book.java:1933 | Book reaching PAGE on sheets:[#1#2]
2026-04-18 16:06:45,994 INFO [Balonku_–_A_T_Mahmud_Balonku_Ada_Lima#1]       StepMonitoring.java:98   | LOAD
2026-04-18 16:06:46,391 INFO [Balonku_–_A_T_Mahmud_Balonku_Ada_Lima#1] FileSystemFontProvider.java:665  | 515 new font files found, font cache will be re-built
2026-04-18 16:06:46,392 INFO [Balonku_–_A_T_Mahmud_Balonku_Ada_Lima#1] FileSystemFontProvider.java:369  | Building on-disk font cache, this may take a while
2026-04-18 16:06:48,004 INFO [Balonku_–_A_T_Mahmud_Balonku_Ada_Lima#1] FileSystemFontProvider.java:372  | Finished building on-disk font cache, found 552 fonts
2026-04-18 16:06:48,423 INFO [Balonku_–_A_T_Mahmud_Balonku_Ada_Lima#1]            SheetStub.java:1273 | Loaded image #1 2480x3507 from C:\Users\user\Documents\praktikum-iot\PDF BARU\Balonku_–_A_T_Mahmud_Balonku_Ada_Lima.pdf
2026-04-18 16:06:48,430 INFO [Balonku_–_A_T_Mahmud_Balonku_Ada_Lima#1]       StepMonitoring.java:98   | BINARY
2026-04-18 16:06:49,342 INFO [Balonku_–_A_T_Mahmud_Balonku_Ada_Lima#1]       StepMonitoring.java:98   | SCALE
2026-04-18 16:06:49,377 INFO [Balonku_–_A_T_Mahmud_Balonku_Ada_Lima#1]         ScaleBuilder.java:241  | Beam  guessed height: 16 -- 0.50 of 31 interline
2026-04-18 16:06:49,379 INFO [Balonku_–_A_T_Mahmud_Balonku_Ada_Lima#1]         ScaleBuilder.java:264  | Beam measured height: 30 -- 0.95 of [9..31] range at 53% of needed quorum
2026-04-18 16:06:49,379 WARN [Balonku_–_A_T_Mahmud_Balonku_Ada_Lima#1]         ScaleBuilder.java:293  | No reliable beam height found, guessed value: 16
2026-04-18 16:06:49,380 INFO [Balonku_–_A_T_Mahmud_Balonku_Ada_Lima#1]            ScaleStep.java:65   | Scale{ interline(31,31,32) line(3,3,3) beam(16 extra)}
2026-04-18 16:06:49,381 INFO [Balonku_–_A_T_Mahmud_Balonku_Ada_Lima#1]       StepMonitoring.java:98   | GRID
2026-04-18 16:06:50,025 INFO [Balonku_–_A_T_Mahmud_Balonku_Ada_Lima#1]       LinesRetriever.java:1500 | Global slope: 0.00000
2026-04-18 16:06:50,160 INFO [Balonku_–_A_T_Mahmud_Balonku_Ada_Lima#1]    ClustersRetriever.java:328  | Retrieved raw line clusters: 8 of sizes [5] with interline(31,31,32)
2026-04-18 16:06:50,751 INFO [Balonku_–_A_T_Mahmud_Balonku_Ada_Lima#1]            PeakGraph.java:310  | Systems: #1[1, 2] #2[3, 4] #3[5, 6] #4[7, 8]
2026-04-18 16:06:51,273 INFO [Balonku_–_A_T_Mahmud_Balonku_Ada_Lima#1]        SystemManager.java:134  | Indentation detected for system #1
2026-04-18 16:06:51,276 INFO [Balonku_–_A_T_Mahmud_Balonku_Ada_Lima#1]        SystemManager.java:779  | 1 part along 4 systems
2026-04-18 16:06:51,278 INFO [Balonku_–_A_T_Mahmud_Balonku_Ada_Lima#1]                 Book.java:545  | Created scores: [{Score 1}]
2026-04-18 16:06:51,279 INFO [Balonku_–_A_T_Mahmud_Balonku_Ada_Lima#1]       StepMonitoring.java:98   | HEADERS
2026-04-18 16:06:51,811 INFO [Balonku_–_A_T_Mahmud_Balonku_Ada_Lima#1]      BasicClassifier.java:277  | Classifier loaded XML norms.
2026-04-18 16:06:51,817 INFO [Balonku_–_A_T_Mahmud_Balonku_Ada_Lima#1]   AbstractClassifier.java:396  | Classifier data loaded from default uri jar:file:/C:/Program%20Files/Audiveris/app/audiveris.jar!/res/basic-classifier.zip
2026-04-18 16:06:53,069 INFO [Balonku_–_A_T_Mahmud_Balonku_Ada_Lima#1]       StepMonitoring.java:98   | STEM_SEEDS
2026-04-18 16:06:53,192 INFO [Balonku_–_A_T_Mahmud_Balonku_Ada_Lima#1]        StemSeedsStep.java:86   | stem(5 max:5)
2026-04-18 16:06:53,284 INFO [Balonku_–_A_T_Mahmud_Balonku_Ada_Lima#1]       StepMonitoring.java:98   | BEAMS
2026-04-18 16:06:58,579 INFO [Balonku_–_A_T_Mahmud_Balonku_Ada_Lima#1]       StepMonitoring.java:98   | LEDGERS
2026-04-18 16:06:58,791 INFO [Balonku_–_A_T_Mahmud_Balonku_Ada_Lima#1]       StepMonitoring.java:98   | HEADS
2026-04-18 16:07:04,302 INFO [Balonku_–_A_T_Mahmud_Balonku_Ada_Lima#1]        HeadSeedTally.java:235  | Scale information: HeadSeeds{NOTEHEAD_VOID[R:-0.5] NOTEHEAD_BLACK[L:-0.5,R:-0.5]}
2026-04-18 16:07:04,302 INFO [Balonku_–_A_T_Mahmud_Balonku_Ada_Lima#1]       StepMonitoring.java:98   | STEMS
2026-04-18 16:07:04,679 INFO [Balonku_–_A_T_Mahmud_Balonku_Ada_Lima#1]       StepMonitoring.java:98   | REDUCTION
2026-04-18 16:07:04,868 INFO [Balonku_–_A_T_Mahmud_Balonku_Ada_Lima#1]        ReductionStep.java:105  | Stems free length median value: 110 pixels, 3.5 interlines
2026-04-18 16:07:04,878 INFO [Balonku_–_A_T_Mahmud_Balonku_Ada_Lima#1]       StepMonitoring.java:98   | CUE_BEAMS
2026-04-18 16:07:04,879 INFO [Balonku_–_A_T_Mahmud_Balonku_Ada_Lima#1]         CueBeamsStep.java:81   | Step CUE_BEAMS is skipped because small heads switch is off
2026-04-18 16:07:04,880 INFO [Balonku_–_A_T_Mahmud_Balonku_Ada_Lima#1]       StepMonitoring.java:98   | TEXTS
2026-04-18 16:07:05,753 INFO [Balonku_–_A_T_Mahmud_Balonku_Ada_Lima#1]       StepMonitoring.java:98   | MEASURES
2026-04-18 16:07:05,768 INFO [Balonku_–_A_T_Mahmud_Balonku_Ada_Lima#1]                 Page.java:307  | 16 raw measures: [4 in system#1, 4 in system#2, 4 in system#3, 4 in system#4]
2026-04-18 16:07:05,769 INFO [Balonku_–_A_T_Mahmud_Balonku_Ada_Lima#1]       StepMonitoring.java:98   | CHORDS
2026-04-18 16:07:05,790 INFO [Balonku_–_A_T_Mahmud_Balonku_Ada_Lima#1]       StepMonitoring.java:98   | CURVES
2026-04-18 16:07:06,494 INFO [Balonku_–_A_T_Mahmud_Balonku_Ada_Lima#1]         SlursBuilder.java:240  | Slurs: 0
2026-04-18 16:07:06,503 INFO [Balonku_–_A_T_Mahmud_Balonku_Ada_Lima#1]      SegmentsBuilder.java:155  | Segments: 1
2026-04-18 16:07:06,509 INFO [Balonku_–_A_T_Mahmud_Balonku_Ada_Lima#1]       StepMonitoring.java:98   | SYMBOLS
2026-04-18 16:07:06,754 INFO [Balonku_–_A_T_Mahmud_Balonku_Ada_Lima#1]       StepMonitoring.java:98   | LINKS
2026-04-18 16:07:06,818 INFO [Balonku_–_A_T_Mahmud_Balonku_Ada_Lima#1]       StepMonitoring.java:98   | RHYTHMS
2026-04-18 16:07:06,869 INFO [Balonku_–_A_T_Mahmud_Balonku_Ada_Lima#1]        MeasureRhythm.java:1045 | Measure{#6} No timeOffset for RestChordInter#1673{(0.547/0.547) staff:3 slot#5 dur:1/8}
2026-04-18 16:07:06,871 INFO [Balonku_–_A_T_Mahmud_Balonku_Ada_Lima#1]          StackRhythm.java:224  | S2 MeasureStack#6 no correct rhythm
2026-04-18 16:07:06,900 INFO [Balonku_–_A_T_Mahmud_Balonku_Ada_Lima#1]       StepMonitoring.java:98   | PAGE
2026-04-18 16:07:06,909 INFO [Balonku_–_A_T_Mahmud_Balonku_Ada_Lima#1]                 Book.java:2550 | Book{Balonku_–_A_T_Mahmud_Balonku_Ada_Lima} storing
2026-04-18 16:07:06,972 INFO [Balonku_–_A_T_Mahmud_Balonku_Ada_Lima#1]                 Book.java:2531 | Stored /book.xml
2026-04-18 16:07:07,120 INFO [Balonku_–_A_T_Mahmud_Balonku_Ada_Lima#1]           DataHolder.java:348  | Stored /sheet#1/BINARY.png
2026-04-18 16:07:07,647 INFO [Balonku_–_A_T_Mahmud_Balonku_Ada_Lima#1]                Sheet.java:1583 | Stored /sheet#1/sheet#1.xml
2026-04-18 16:07:07,647 INFO [Balonku_–_A_T_Mahmud_Balonku_Ada_Lima#1]                 Book.java:2491 | Book stored as C:\Users\user\Documents\praktikum-iot\MXL\Balonku_–_A_T_Mahmud_Balonku_Ada_Lima.omr
2026-04-18 16:07:07,651 INFO [Balonku_–_A_T_Mahmud_Balonku_Ada_Lima#1]            SheetStub.java:1660 | Disposed sheet#1
2026-04-18 16:07:07,721 INFO [Balonku_–_A_T_Mahmud_Balonku_Ada_Lima#1]                 Book.java:2018 | End of Stub#1 memory: 39,927,688
2026-04-18 16:07:07,723 INFO [Balonku_–_A_T_Mahmud_Balonku_Ada_Lima#2]       StepMonitoring.java:98   | LOAD
2026-04-18 16:07:07,762 INFO [Balonku_–_A_T_Mahmud_Balonku_Ada_Lima#2]            SheetStub.java:1273 | Loaded image #2 2480x3507 from C:\Users\user\Documents\praktikum-iot\PDF BARU\Balonku_–_A_T_Mahmud_Balonku_Ada_Lima.pdf
2026-04-18 16:07:07,762 INFO [Balonku_–_A_T_Mahmud_Balonku_Ada_Lima#2]       StepMonitoring.java:98   | BINARY
2026-04-18 16:07:08,180 INFO [Balonku_–_A_T_Mahmud_Balonku_Ada_Lima#2]       StepMonitoring.java:98   | SCALE
2026-04-18 16:07:08,186 INFO [Balonku_–_A_T_Mahmud_Balonku_Ada_Lima#2]         ScaleBuilder.java:241  | Beam  guessed height: 16 -- 0.50 of 31 interline
2026-04-18 16:07:08,187 INFO [Balonku_–_A_T_Mahmud_Balonku_Ada_Lima#2]         ScaleBuilder.java:264  | Beam measured height: 11 -- 0.09 of [9..31] range at 50% of needed quorum
2026-04-18 16:07:08,187 WARN [Balonku_–_A_T_Mahmud_Balonku_Ada_Lima#2]         ScaleBuilder.java:293  | No reliable beam height found, guessed value: 16
2026-04-18 16:07:08,187 INFO [Balonku_–_A_T_Mahmud_Balonku_Ada_Lima#2]            ScaleStep.java:65   | Scale{ interline(31,31,32) line(3,3,3) beam(16 extra)}
2026-04-18 16:07:08,187 INFO [Balonku_–_A_T_Mahmud_Balonku_Ada_Lima#2]       StepMonitoring.java:98   | GRID
2026-04-18 16:07:08,271 INFO [Balonku_–_A_T_Mahmud_Balonku_Ada_Lima#2]       LinesRetriever.java:1500 | Global slope: 0.00000
2026-04-18 16:07:08,272 INFO [Balonku_–_A_T_Mahmud_Balonku_Ada_Lima#2]    ClustersRetriever.java:328  | Retrieved raw line clusters: 2 of sizes [5] with interline(31,31,32)
2026-04-18 16:07:08,279 WARN [Balonku_–_A_T_Mahmud_Balonku_Ada_Lima#2]            PeakGraph.java:305  | No system found
2026-04-18 16:07:08,280 INFO [Balonku_–_A_T_Mahmud_Balonku_Ada_Lima#2]            SheetStub.java:1191 | Sheet Balonku_–_A_T_Mahmud_Balonku_Ada_Lima#2 flagged as invalid.
2026-04-18 16:07:08,281 INFO [Balonku_–_A_T_Mahmud_Balonku_Ada_Lima#2]            SheetStub.java:1410 | StepException cause detected in [LOAD, BINARY, SCALE, GRID, HEADERS, STEM_SEEDS, BEAMS, LEDGERS, HEADS, STEMS, REDUCTION, CUE_BEAMS, TEXTS, MEASURES, CHORDS, CURVES, SYMBOLS, LINKS, RHYTHMS, PAGE]
2026-04-18 16:07:08,281 INFO [Balonku_–_A_T_Mahmud_Balonku_Ada_Lima#2]                 Book.java:2550 | Book{Balonku_–_A_T_Mahmud_Balonku_Ada_Lima} storing
2026-04-18 16:07:08,320 INFO [Balonku_–_A_T_Mahmud_Balonku_Ada_Lima#2]                 Book.java:2531 | Stored /book.xml
2026-04-18 16:07:08,443 INFO [Balonku_–_A_T_Mahmud_Balonku_Ada_Lima#2]           DataHolder.java:348  | Stored /sheet#2/BINARY.png
2026-04-18 16:07:08,445 INFO [Balonku_–_A_T_Mahmud_Balonku_Ada_Lima#2]                Sheet.java:1583 | Stored /sheet#2/sheet#2.xml
2026-04-18 16:07:08,447 INFO [Balonku_–_A_T_Mahmud_Balonku_Ada_Lima#2]                 Book.java:2491 | Book stored as C:\Users\user\Documents\praktikum-iot\MXL\Balonku_–_A_T_Mahmud_Balonku_Ada_Lima.omr
2026-04-18 16:07:08,452 INFO [Balonku_–_A_T_Mahmud_Balonku_Ada_Lima#2]            SheetStub.java:1660 | Disposed sheet#2
2026-04-18 16:07:08,509 INFO [Balonku_–_A_T_Mahmud_Balonku_Ada_Lima#2]                 Book.java:2018 | End of Stub#2 memory: 39,933,424
2026-04-18 16:07:08,510 INFO [Balonku_–_A_T_Mahmud_Balonku_Ada_Lima]                 Book.java:2025 | Book processed.
2026-04-18 16:07:08,510 INFO [Balonku_–_A_T_Mahmud_Balonku_Ada_Lima]                 Book.java:599  | Could not export since transcription did not complete successfully
2026-04-18 16:07:08,542 INFO [Balonku_–_A_T_Mahmud_Balonku_Ada_Lima]                Score.java:181  | Closing {Score 1}
