2026-04-18 16:55:38,757 ERROR [Bintang]              IOUtils.java:278  | Unmapping is not supported.
java.lang.reflect.InaccessibleObjectException: Unable to make public jdk.internal.ref.Cleaner java.nio.DirectByteBuffer.cleaner() accessible: module java.base does not "opens java.nio" to unnamed module @54bff557
	at java.base/java.lang.reflect.AccessibleObject.throwInaccessibleObjectException(Unknown Source)
	at java.base/java.lang.reflect.AccessibleObject.checkCanSetAccessible(Unknown Source)
	at java.base/java.lang.reflect.AccessibleObject.checkCanSetAccessible(Unknown Source)
	at java.base/java.lang.reflect.Method.checkCanSetAccessible(Unknown Source)
	at java.base/java.lang.reflect.Method.setAccessible(Unknown Source)
	at org.apache.pdfbox.io.IOUtils.unmapper(IOUtils.java:244)
	at java.base/java.security.AccessController.doPrivileged(Unknown Source)
	at org.apache.pdfbox.io.IOUtils.<clinit>(IOUtils.java:69)
	at org.apache.pdfbox.Loader.loadPDF(Loader.java:378)
	at org.audiveris.omr.image.ImageLoading.getPdfLoader(ImageLoading.java:159)
	at org.audiveris.omr.image.ImageLoading.getLoader(ImageLoading.java:209)
	at org.audiveris.omr.sheet.Book.createStubs(Book.java:557)
	at org.audiveris.omr.CLI$ProcessingTask.processBook(CLI.java:830)
	at org.audiveris.omr.CLI$CliTask.call(CLI.java:504)
	at org.audiveris.omr.Main.runBatchTasks(Main.java:371)
	at org.audiveris.omr.Main.main(Main.java:260)
	at Audiveris.main(Audiveris.java:50)
2026-04-18 16:55:38,827 INFO [Bintang]                 Book.java:562  | 1 sheet in C:\Users\user\Documents\praktikum-iot\PDF BARU\Bintang.pdf
2026-04-18 16:55:38,986 INFO []                 Book.java:2531 | Stored /book.xml
2026-04-18 16:55:38,986 INFO []                 Book.java:2491 | Book stored as C:\Users\user\Documents\praktikum-iot\MXL\Bintang.omr
2026-04-18 16:55:38,991 INFO []                 Book.java:1933 | Book reaching PAGE on sheets:[#1]
2026-04-18 16:55:38,993 INFO [Bintang]       StepMonitoring.java:98   | LOAD
2026-04-18 16:55:40,154 INFO [Bintang]            SheetStub.java:1273 | Loaded image #1 3129x4421 from C:\Users\user\Documents\praktikum-iot\PDF BARU\Bintang.pdf
2026-04-18 16:55:40,159 INFO [Bintang]       StepMonitoring.java:98   | BINARY
2026-04-18 16:55:41,590 INFO [Bintang]       StepMonitoring.java:98   | SCALE
2026-04-18 16:55:41,715 INFO [Bintang]         ScaleBuilder.java:241  | Beam  guessed height: 14 -- 0.50 of 28 interline
2026-04-18 16:55:41,718 INFO [Bintang]         ScaleBuilder.java:264  | Beam measured height: 14 -- 0.30 of [8..28] range at 123% of needed quorum
2026-04-18 16:55:41,719 INFO [Bintang]            ScaleStep.java:65   | Scale{ small_interline(24,24,25) interline(27,28,28) line(3,3,5) beam(14)}
2026-04-18 16:55:41,722 INFO [Bintang]       StepMonitoring.java:98   | GRID
2026-04-18 16:55:44,986 INFO [Bintang]       LinesRetriever.java:1500 | Global slope: 0.00000
2026-04-18 16:55:45,089 INFO [Bintang]    ClustersRetriever.java:328  | Retrieved raw line clusters: 0 of sizes [5] with interline(27,28,28)
2026-04-18 16:55:45,099 INFO [Bintang]       LinesRetriever.java:1516 | Searching clusters with smallInterline: 24
2026-04-18 16:55:45,140 INFO [Bintang]    ClustersRetriever.java:328  | Retrieved raw line clusters: 0 of sizes [5] with interline(24,24,25)
2026-04-18 16:55:45,365 WARN [Bintang]            PeakGraph.java:305  | No system found
2026-04-18 16:55:45,365 INFO [Bintang]                 Book.java:545  | Created scores: []
2026-04-18 16:55:45,365 INFO [Bintang]            SheetStub.java:1191 | Sheet Bintang flagged as invalid.
2026-04-18 16:55:45,366 INFO [Bintang]            SheetStub.java:1410 | StepException cause detected in [LOAD, BINARY, SCALE, GRID, HEADERS, STEM_SEEDS, BEAMS, LEDGERS, HEADS, STEMS, REDUCTION, CUE_BEAMS, TEXTS, MEASURES, CHORDS, CURVES, SYMBOLS, LINKS, RHYTHMS, PAGE]
2026-04-18 16:55:45,367 INFO [Bintang]                 Book.java:2550 | Book{Bintang} storing
2026-04-18 16:55:45,438 INFO [Bintang]                 Book.java:2531 | Stored /book.xml
2026-04-18 16:55:45,670 INFO [Bintang]           DataHolder.java:348  | Stored /sheet#1/BINARY.png
2026-04-18 16:55:45,905 INFO [Bintang]                Sheet.java:1583 | Stored /sheet#1/sheet#1.xml
2026-04-18 16:55:45,906 INFO [Bintang]                 Book.java:2491 | Book stored as C:\Users\user\Documents\praktikum-iot\MXL\Bintang.omr
2026-04-18 16:55:45,909 INFO [Bintang]            SheetStub.java:1660 | Disposed sheet
2026-04-18 16:55:45,969 INFO [Bintang]                 Book.java:2018 | End of Stub#1 memory: 21,499,848
2026-04-18 16:55:45,970 INFO [Bintang]                 Book.java:2025 | Book processed.
2026-04-18 16:55:45,970 INFO [Bintang]                 Book.java:599  | Could not export since transcription did not complete successfully
