2026-04-19 13:37:48,520 ERROR [ibu-kita-kartini]              IOUtils.java:278  | Unmapping is not supported.
java.lang.reflect.InaccessibleObjectException: Unable to make public jdk.internal.ref.Cleaner java.nio.DirectByteBuffer.cleaner() accessible: module java.base does not "opens java.nio" to unnamed module @54bff557
	at java.base/java.lang.reflect.AccessibleObject.throwInaccessibleObjectException(Unknown Source)
	at java.base/java.lang.reflect.AccessibleObject.checkCanSetAccessible(Unknown Source)
	at java.base/java.lang.reflect.AccessibleObject.checkCanSetAccessible(Unknown Source)
	at java.base/java.lang.reflect.Method.checkCanSetAccessible(Unknown Source)
	at java.base/java.lang.reflect.Method.setAccessible(Unknown Source)
	at org.apache.pdfbox.io.IOUtils.unmapper(IOUtils.java:244)
	at java.base/java.security.AccessController.doPrivileged(Unknown Source)
	at org.apache.pdfbox.io.IOUtils.<clinit>(IOUtils.java:69)
	at org.apache.pdfbox.Loader.loadPDF(Loader.java:378)
	at org.audiveris.omr.image.ImageLoading.getPdfLoader(ImageLoading.java:159)
	at org.audiveris.omr.image.ImageLoading.getLoader(ImageLoading.java:209)
	at org.audiveris.omr.sheet.Book.createStubs(Book.java:557)
	at org.audiveris.omr.CLI$ProcessingTask.processBook(CLI.java:830)
	at org.audiveris.omr.CLI$CliTask.call(CLI.java:504)
	at org.audiveris.omr.Main.runBatchTasks(Main.java:371)
	at org.audiveris.omr.Main.main(Main.java:260)
	at Audiveris.main(Audiveris.java:50)
2026-04-19 13:37:48,574 INFO [ibu-kita-kartini]                 Book.java:562  | 1 sheet in C:\Users\user\Documents\praktikum-iot\PDF BARU\ibu-kita-kartini.pdf
2026-04-19 13:37:48,721 INFO []                 Book.java:2531 | Stored /book.xml
2026-04-19 13:37:48,722 INFO []                 Book.java:2491 | Book stored as C:\Users\user\Documents\praktikum-iot\MXL\ibu-kita-kartini.omr
2026-04-19 13:37:48,725 INFO []                 Book.java:1933 | Book reaching PAGE on sheets:[#1]
2026-04-19 13:37:48,727 INFO [ibu-kita-kartini]       StepMonitoring.java:98   | LOAD
2026-04-19 13:37:49,277 INFO [ibu-kita-kartini]            SheetStub.java:1273 | Loaded image #1 2479x3508 from C:\Users\user\Documents\praktikum-iot\PDF BARU\ibu-kita-kartini.pdf
2026-04-19 13:37:49,280 INFO [ibu-kita-kartini]       StepMonitoring.java:98   | BINARY
2026-04-19 13:37:49,908 INFO [ibu-kita-kartini]       StepMonitoring.java:98   | SCALE
2026-04-19 13:37:49,946 INFO [ibu-kita-kartini]         ScaleBuilder.java:241  | Beam  guessed height: 10 -- 0.50 of 21 interline
2026-04-19 13:37:49,948 INFO [ibu-kita-kartini]         ScaleBuilder.java:264  | Beam measured height: 11 -- 0.33 of [6..21] range at 272% of needed quorum
2026-04-19 13:37:49,949 INFO [ibu-kita-kartini]            ScaleStep.java:65   | Scale{ interline(20,21,21) line(2,2,3) beam(11)}
2026-04-19 13:37:49,952 INFO [ibu-kita-kartini]       StepMonitoring.java:98   | GRID
2026-04-19 13:37:50,599 INFO [ibu-kita-kartini]       LinesRetriever.java:1500 | Global slope: 0.00000
2026-04-19 13:37:50,677 INFO [ibu-kita-kartini]    ClustersRetriever.java:328  | Retrieved raw line clusters: 8 of sizes [5] with interline(20,21,21)
2026-04-19 13:37:50,980 INFO [ibu-kita-kartini]            PeakGraph.java:310  | Systems: #1[1, 2] #2[3, 4] #3[5, 6] #4[7, 8]
2026-04-19 13:37:52,690 INFO [ibu-kita-kartini]        SystemManager.java:779  | 1 part along 4 systems
2026-04-19 13:37:52,695 INFO [ibu-kita-kartini]                 Book.java:545  | Created scores: [{Score 1}]
2026-04-19 13:37:52,698 INFO [ibu-kita-kartini]       StepMonitoring.java:98   | HEADERS
2026-04-19 13:37:53,296 INFO [ibu-kita-kartini]      BasicClassifier.java:277  | Classifier loaded XML norms.
2026-04-19 13:37:53,305 INFO [ibu-kita-kartini]   AbstractClassifier.java:396  | Classifier data loaded from default uri jar:file:/C:/Program%20Files/Audiveris/app/audiveris.jar!/res/basic-classifier.zip
2026-04-19 13:37:54,358 INFO [ibu-kita-kartini]       StepMonitoring.java:98   | STEM_SEEDS
2026-04-19 13:37:54,410 INFO [ibu-kita-kartini]        StemSeedsStep.java:86   | stem(3 max:3)
2026-04-19 13:37:54,490 INFO [ibu-kita-kartini]       StepMonitoring.java:98   | BEAMS
2026-04-19 13:37:57,997 INFO [ibu-kita-kartini]       StepMonitoring.java:98   | LEDGERS
2026-04-19 13:37:58,385 INFO [ibu-kita-kartini]       StepMonitoring.java:98   | HEADS
2026-04-19 13:38:03,176 INFO [ibu-kita-kartini]        HeadSeedTally.java:235  | Scale information: HeadSeeds{NOTEHEAD_BLACK[L:-0.5]}
2026-04-19 13:38:03,176 INFO [ibu-kita-kartini]       StepMonitoring.java:98   | STEMS
2026-04-19 13:38:04,159 INFO [ibu-kita-kartini]       StepMonitoring.java:98   | REDUCTION
2026-04-19 13:38:04,317 INFO [ibu-kita-kartini]        ReductionStep.java:105  | Stems free length median value: 74 pixels, 3.5 interlines
2026-04-19 13:38:04,328 INFO [ibu-kita-kartini]       StepMonitoring.java:98   | CUE_BEAMS
2026-04-19 13:38:04,329 INFO [ibu-kita-kartini]         CueBeamsStep.java:81   | Step CUE_BEAMS is skipped because small heads switch is off
2026-04-19 13:38:04,329 INFO [ibu-kita-kartini]       StepMonitoring.java:98   | TEXTS
2026-04-19 13:38:05,117 INFO [ibu-kita-kartini]       StepMonitoring.java:98   | MEASURES
2026-04-19 13:38:05,131 INFO [ibu-kita-kartini]                 Page.java:307  | 18 raw measures: [5 in system#1, 5 in system#2, 5 in system#3, 3 in system#4]
2026-04-19 13:38:05,133 INFO [ibu-kita-kartini]       StepMonitoring.java:98   | CHORDS
2026-04-19 13:38:05,181 INFO [ibu-kita-kartini]       StepMonitoring.java:98   | CURVES
2026-04-19 13:38:06,251 INFO [ibu-kita-kartini]         SlursBuilder.java:240  | Slurs: 0
2026-04-19 13:38:06,289 INFO [ibu-kita-kartini]      SegmentsBuilder.java:155  | Segments: 23
2026-04-19 13:38:06,307 INFO [ibu-kita-kartini]       StepMonitoring.java:98   | SYMBOLS
2026-04-19 13:38:06,554 INFO [ibu-kita-kartini]       StepMonitoring.java:98   | LINKS
2026-04-19 13:38:06,599 INFO [ibu-kita-kartini]       StepMonitoring.java:98   | RHYTHMS
2026-04-19 13:38:06,719 INFO [ibu-kita-kartini]       StepMonitoring.java:98   | PAGE
2026-04-19 13:38:06,725 INFO [ibu-kita-kartini]                 Book.java:2550 | Book{ibu-kita-kartini} storing
2026-04-19 13:38:06,779 INFO [ibu-kita-kartini]                 Book.java:2531 | Stored /book.xml
2026-04-19 13:38:06,886 INFO [ibu-kita-kartini]           DataHolder.java:348  | Stored /sheet#1/BINARY.png
2026-04-19 13:38:07,689 INFO [ibu-kita-kartini]                Sheet.java:1583 | Stored /sheet#1/sheet#1.xml
2026-04-19 13:38:07,689 INFO [ibu-kita-kartini]                 Book.java:2491 | Book stored as C:\Users\user\Documents\praktikum-iot\MXL\ibu-kita-kartini.omr
2026-04-19 13:38:07,692 INFO [ibu-kita-kartini]            SheetStub.java:1660 | Disposed sheet
2026-04-19 13:38:07,761 INFO [ibu-kita-kartini]                 Book.java:2018 | End of Stub#1 memory: 40,074,968
2026-04-19 13:38:07,761 INFO [ibu-kita-kartini]                 Book.java:2025 | Book processed.
2026-04-19 13:38:08,222 INFO [ibu-kita-kartini]            SheetStub.java:997  | Loaded /sheet#1/sheet#1.xml
2026-04-19 13:38:09,033 INFO [ibu-kita-kartini]      PartwiseBuilder.java:2661 | Exporting sheet(s): [#1]
2026-04-19 13:38:09,155 INFO [ibu-kita-kartini]        ScoreExporter.java:164  | Score ibu-kita-kartini exported to C:\Users\user\Documents\praktikum-iot\MXL\ibu-kita-kartini.mxl
2026-04-19 13:38:09,220 INFO [ibu-kita-kartini]                Score.java:181  | Closing {Score 1}
