2026-04-19 13:02:46,278 ERROR [ibu-kita-kartini]              IOUtils.java:278  | Unmapping is not supported.
java.lang.reflect.InaccessibleObjectException: Unable to make public jdk.internal.ref.Cleaner java.nio.DirectByteBuffer.cleaner() accessible: module java.base does not "opens java.nio" to unnamed module @54bff557
	at java.base/java.lang.reflect.AccessibleObject.throwInaccessibleObjectException(Unknown Source)
	at java.base/java.lang.reflect.AccessibleObject.checkCanSetAccessible(Unknown Source)
	at java.base/java.lang.reflect.AccessibleObject.checkCanSetAccessible(Unknown Source)
	at java.base/java.lang.reflect.Method.checkCanSetAccessible(Unknown Source)
	at java.base/java.lang.reflect.Method.setAccessible(Unknown Source)
	at org.apache.pdfbox.io.IOUtils.unmapper(IOUtils.java:244)
	at java.base/java.security.AccessController.doPrivileged(Unknown Source)
	at org.apache.pdfbox.io.IOUtils.<clinit>(IOUtils.java:69)
	at org.apache.pdfbox.Loader.loadPDF(Loader.java:378)
	at org.audiveris.omr.image.ImageLoading.getPdfLoader(ImageLoading.java:159)
	at org.audiveris.omr.image.ImageLoading.getLoader(ImageLoading.java:209)
	at org.audiveris.omr.sheet.Book.createStubs(Book.java:557)
	at org.audiveris.omr.CLI$ProcessingTask.processBook(CLI.java:830)
	at org.audiveris.omr.CLI$CliTask.call(CLI.java:504)
	at org.audiveris.omr.Main.runBatchTasks(Main.java:371)
	at org.audiveris.omr.Main.main(Main.java:260)
	at Audiveris.main(Audiveris.java:50)
2026-04-19 13:02:46,342 INFO [ibu-kita-kartini]                 Book.java:562  | 1 sheet in C:\Users\user\Documents\praktikum-iot\PDF BARU\ibu-kita-kartini.pdf
2026-04-19 13:02:46,472 INFO []                 Book.java:2531 | Stored /book.xml
2026-04-19 13:02:46,472 INFO []                 Book.java:2491 | Book stored as C:\Users\user\Documents\praktikum-iot\MXL\ibu-kita-kartini.omr
2026-04-19 13:02:46,477 INFO []                 Book.java:1933 | Book reaching PAGE on sheets:[#1]
2026-04-19 13:02:46,481 INFO [ibu-kita-kartini]       StepMonitoring.java:98   | LOAD
2026-04-19 13:02:47,100 INFO [ibu-kita-kartini]            SheetStub.java:1273 | Loaded image #1 2479x3508 from C:\Users\user\Documents\praktikum-iot\PDF BARU\ibu-kita-kartini.pdf
2026-04-19 13:02:47,105 INFO [ibu-kita-kartini]       StepMonitoring.java:98   | BINARY
2026-04-19 13:02:47,690 INFO [ibu-kita-kartini]       StepMonitoring.java:98   | SCALE
2026-04-19 13:02:47,725 INFO [ibu-kita-kartini]         ScaleBuilder.java:241  | Beam  guessed height: 10 -- 0.50 of 21 interline
2026-04-19 13:02:47,726 INFO [ibu-kita-kartini]         ScaleBuilder.java:264  | Beam measured height: 11 -- 0.33 of [6..21] range at 272% of needed quorum
2026-04-19 13:02:47,727 INFO [ibu-kita-kartini]            ScaleStep.java:65   | Scale{ interline(20,21,21) line(2,2,3) beam(11)}
2026-04-19 13:02:47,728 INFO [ibu-kita-kartini]       StepMonitoring.java:98   | GRID
2026-04-19 13:02:48,613 INFO [ibu-kita-kartini]       LinesRetriever.java:1500 | Global slope: 0.00000
2026-04-19 13:02:48,758 INFO [ibu-kita-kartini]    ClustersRetriever.java:328  | Retrieved raw line clusters: 8 of sizes [5] with interline(20,21,21)
2026-04-19 13:02:49,175 INFO [ibu-kita-kartini]            PeakGraph.java:310  | Systems: #1[1, 2] #2[3, 4] #3[5, 6] #4[7, 8]
2026-04-19 13:02:49,606 INFO [ibu-kita-kartini]        SystemManager.java:779  | 1 part along 4 systems
2026-04-19 13:02:49,607 INFO [ibu-kita-kartini]                 Book.java:545  | Created scores: [{Score 1}]
2026-04-19 13:02:49,607 INFO [ibu-kita-kartini]       StepMonitoring.java:98   | HEADERS
2026-04-19 13:02:50,163 INFO [ibu-kita-kartini]      BasicClassifier.java:277  | Classifier loaded XML norms.
2026-04-19 13:02:50,173 INFO [ibu-kita-kartini]   AbstractClassifier.java:396  | Classifier data loaded from default uri jar:file:/C:/Program%20Files/Audiveris/app/audiveris.jar!/res/basic-classifier.zip
2026-04-19 13:02:51,348 INFO [ibu-kita-kartini]       StepMonitoring.java:98   | STEM_SEEDS
2026-04-19 13:02:51,432 INFO [ibu-kita-kartini]        StemSeedsStep.java:86   | stem(3 max:3)
2026-04-19 13:02:51,546 INFO [ibu-kita-kartini]       StepMonitoring.java:98   | BEAMS
2026-04-19 13:02:55,510 INFO [ibu-kita-kartini]       StepMonitoring.java:98   | LEDGERS
2026-04-19 13:02:56,011 INFO [ibu-kita-kartini]       StepMonitoring.java:98   | HEADS
2026-04-19 13:03:01,245 INFO [ibu-kita-kartini]        HeadSeedTally.java:235  | Scale information: HeadSeeds{NOTEHEAD_BLACK[L:-0.5]}
2026-04-19 13:03:01,245 INFO [ibu-kita-kartini]       StepMonitoring.java:98   | STEMS
2026-04-19 13:03:02,277 INFO [ibu-kita-kartini]       StepMonitoring.java:98   | REDUCTION
2026-04-19 13:03:02,522 INFO [ibu-kita-kartini]        ReductionStep.java:105  | Stems free length median value: 74 pixels, 3.5 interlines
2026-04-19 13:03:02,526 INFO [ibu-kita-kartini]       StepMonitoring.java:98   | CUE_BEAMS
2026-04-19 13:03:02,527 INFO [ibu-kita-kartini]         CueBeamsStep.java:81   | Step CUE_BEAMS is skipped because small heads switch is off
2026-04-19 13:03:02,528 INFO [ibu-kita-kartini]       StepMonitoring.java:98   | TEXTS
2026-04-19 13:03:03,347 INFO [ibu-kita-kartini]       StepMonitoring.java:98   | MEASURES
2026-04-19 13:03:03,371 INFO [ibu-kita-kartini]                 Page.java:307  | 18 raw measures: [5 in system#1, 5 in system#2, 5 in system#3, 3 in system#4]
2026-04-19 13:03:03,372 INFO [ibu-kita-kartini]       StepMonitoring.java:98   | CHORDS
2026-04-19 13:03:03,420 INFO [ibu-kita-kartini]       StepMonitoring.java:98   | CURVES
2026-04-19 13:03:04,479 INFO [ibu-kita-kartini]         SlursBuilder.java:240  | Slurs: 0
2026-04-19 13:03:04,521 INFO [ibu-kita-kartini]      SegmentsBuilder.java:155  | Segments: 23
2026-04-19 13:03:04,570 INFO [ibu-kita-kartini]       StepMonitoring.java:98   | SYMBOLS
2026-04-19 13:03:04,832 INFO [ibu-kita-kartini]       StepMonitoring.java:98   | LINKS
2026-04-19 13:03:04,896 INFO [ibu-kita-kartini]       StepMonitoring.java:98   | RHYTHMS
2026-04-19 13:03:05,020 INFO [ibu-kita-kartini]       StepMonitoring.java:98   | PAGE
2026-04-19 13:03:05,027 INFO [ibu-kita-kartini]                 Book.java:2550 | Book{ibu-kita-kartini} storing
2026-04-19 13:03:05,082 INFO [ibu-kita-kartini]                 Book.java:2531 | Stored /book.xml
2026-04-19 13:03:05,235 INFO [ibu-kita-kartini]           DataHolder.java:348  | Stored /sheet#1/BINARY.png
2026-04-19 13:03:06,128 INFO [ibu-kita-kartini]                Sheet.java:1583 | Stored /sheet#1/sheet#1.xml
2026-04-19 13:03:06,129 INFO [ibu-kita-kartini]                 Book.java:2491 | Book stored as C:\Users\user\Documents\praktikum-iot\MXL\ibu-kita-kartini.omr
2026-04-19 13:03:06,133 INFO [ibu-kita-kartini]            SheetStub.java:1660 | Disposed sheet
2026-04-19 13:03:06,205 INFO [ibu-kita-kartini]                 Book.java:2018 | End of Stub#1 memory: 40,632,232
2026-04-19 13:03:06,205 INFO [ibu-kita-kartini]                 Book.java:2025 | Book processed.
2026-04-19 13:03:06,758 INFO [ibu-kita-kartini]            SheetStub.java:997  | Loaded /sheet#1/sheet#1.xml
2026-04-19 13:03:07,660 INFO [ibu-kita-kartini]      PartwiseBuilder.java:2661 | Exporting sheet(s): [#1]
2026-04-19 13:03:07,803 INFO [ibu-kita-kartini]        ScoreExporter.java:164  | Score ibu-kita-kartini exported to C:\Users\user\Documents\praktikum-iot\MXL\ibu-kita-kartini.mxl
2026-04-19 13:03:07,862 INFO [ibu-kita-kartini]                Score.java:181  | Closing {Score 1}
