2026-04-18 17:04:22,626 ERROR [ibu-kita-kartini]              IOUtils.java:278  | Unmapping is not supported.
java.lang.reflect.InaccessibleObjectException: Unable to make public jdk.internal.ref.Cleaner java.nio.DirectByteBuffer.cleaner() accessible: module java.base does not "opens java.nio" to unnamed module @54bff557
	at java.base/java.lang.reflect.AccessibleObject.throwInaccessibleObjectException(Unknown Source)
	at java.base/java.lang.reflect.AccessibleObject.checkCanSetAccessible(Unknown Source)
	at java.base/java.lang.reflect.AccessibleObject.checkCanSetAccessible(Unknown Source)
	at java.base/java.lang.reflect.Method.checkCanSetAccessible(Unknown Source)
	at java.base/java.lang.reflect.Method.setAccessible(Unknown Source)
	at org.apache.pdfbox.io.IOUtils.unmapper(IOUtils.java:244)
	at java.base/java.security.AccessController.doPrivileged(Unknown Source)
	at org.apache.pdfbox.io.IOUtils.<clinit>(IOUtils.java:69)
	at org.apache.pdfbox.Loader.loadPDF(Loader.java:378)
	at org.audiveris.omr.image.ImageLoading.getPdfLoader(ImageLoading.java:159)
	at org.audiveris.omr.image.ImageLoading.getLoader(ImageLoading.java:209)
	at org.audiveris.omr.sheet.Book.createStubs(Book.java:557)
	at org.audiveris.omr.CLI$ProcessingTask.processBook(CLI.java:830)
	at org.audiveris.omr.CLI$CliTask.call(CLI.java:504)
	at org.audiveris.omr.Main.runBatchTasks(Main.java:371)
	at org.audiveris.omr.Main.main(Main.java:260)
	at Audiveris.main(Audiveris.java:50)
2026-04-18 17:04:22,703 INFO [ibu-kita-kartini]                 Book.java:562  | 1 sheet in C:\Users\user\Documents\praktikum-iot\PDF BARU\ibu-kita-kartini.pdf
2026-04-18 17:04:22,947 INFO []                 Book.java:2531 | Stored /book.xml
2026-04-18 17:04:22,948 INFO []                 Book.java:2491 | Book stored as C:\Users\user\Documents\praktikum-iot\MXL\ibu-kita-kartini.omr
2026-04-18 17:04:22,956 INFO []                 Book.java:1933 | Book reaching PAGE on sheets:[#1]
2026-04-18 17:04:22,959 INFO [ibu-kita-kartini]       StepMonitoring.java:98   | LOAD
2026-04-18 17:04:23,608 INFO [ibu-kita-kartini]            SheetStub.java:1273 | Loaded image #1 2479x3508 from C:\Users\user\Documents\praktikum-iot\PDF BARU\ibu-kita-kartini.pdf
2026-04-18 17:04:23,617 INFO [ibu-kita-kartini]       StepMonitoring.java:98   | BINARY
2026-04-18 17:04:24,313 INFO [ibu-kita-kartini]       StepMonitoring.java:98   | SCALE
2026-04-18 17:04:24,343 INFO [ibu-kita-kartini]         ScaleBuilder.java:241  | Beam  guessed height: 10 -- 0.50 of 21 interline
2026-04-18 17:04:24,344 INFO [ibu-kita-kartini]         ScaleBuilder.java:264  | Beam measured height: 11 -- 0.33 of [6..21] range at 272% of needed quorum
2026-04-18 17:04:24,345 INFO [ibu-kita-kartini]            ScaleStep.java:65   | Scale{ interline(20,21,21) line(2,2,3) beam(11)}
2026-04-18 17:04:24,345 INFO [ibu-kita-kartini]       StepMonitoring.java:98   | GRID
2026-04-18 17:04:25,041 INFO [ibu-kita-kartini]       LinesRetriever.java:1500 | Global slope: 0.00000
2026-04-18 17:04:25,108 INFO [ibu-kita-kartini]    ClustersRetriever.java:328  | Retrieved raw line clusters: 8 of sizes [5] with interline(20,21,21)
2026-04-18 17:04:25,326 INFO [ibu-kita-kartini]            PeakGraph.java:310  | Systems: #1[1, 2] #2[3, 4] #3[5, 6] #4[7, 8]
2026-04-18 17:04:25,795 INFO [ibu-kita-kartini]        SystemManager.java:779  | 1 part along 4 systems
2026-04-18 17:04:25,796 INFO [ibu-kita-kartini]                 Book.java:545  | Created scores: [{Score 1}]
2026-04-18 17:04:25,797 INFO [ibu-kita-kartini]       StepMonitoring.java:98   | HEADERS
2026-04-18 17:04:26,141 INFO [ibu-kita-kartini]      BasicClassifier.java:277  | Classifier loaded XML norms.
2026-04-18 17:04:26,146 INFO [ibu-kita-kartini]   AbstractClassifier.java:396  | Classifier data loaded from default uri jar:file:/C:/Program%20Files/Audiveris/app/audiveris.jar!/res/basic-classifier.zip
2026-04-18 17:04:27,255 INFO [ibu-kita-kartini]       StepMonitoring.java:98   | STEM_SEEDS
2026-04-18 17:04:27,317 INFO [ibu-kita-kartini]        StemSeedsStep.java:86   | stem(3 max:3)
2026-04-18 17:04:27,386 INFO [ibu-kita-kartini]       StepMonitoring.java:98   | BEAMS
2026-04-18 17:04:30,663 INFO [ibu-kita-kartini]       StepMonitoring.java:98   | LEDGERS
2026-04-18 17:04:30,865 INFO [ibu-kita-kartini]       StepMonitoring.java:98   | HEADS
2026-04-18 17:04:35,361 INFO [ibu-kita-kartini]        HeadSeedTally.java:235  | Scale information: HeadSeeds{NOTEHEAD_BLACK[L:-0.5]}
2026-04-18 17:04:35,361 INFO [ibu-kita-kartini]       StepMonitoring.java:98   | STEMS
2026-04-18 17:04:36,189 INFO [ibu-kita-kartini]       StepMonitoring.java:98   | REDUCTION
2026-04-18 17:04:36,326 INFO [ibu-kita-kartini]        ReductionStep.java:105  | Stems free length median value: 74 pixels, 3.5 interlines
2026-04-18 17:04:36,335 INFO [ibu-kita-kartini]       StepMonitoring.java:98   | CUE_BEAMS
2026-04-18 17:04:36,336 INFO [ibu-kita-kartini]         CueBeamsStep.java:81   | Step CUE_BEAMS is skipped because small heads switch is off
2026-04-18 17:04:36,337 INFO [ibu-kita-kartini]       StepMonitoring.java:98   | TEXTS
2026-04-18 17:04:37,118 INFO [ibu-kita-kartini]       StepMonitoring.java:98   | MEASURES
2026-04-18 17:04:37,132 INFO [ibu-kita-kartini]                 Page.java:307  | 18 raw measures: [5 in system#1, 5 in system#2, 5 in system#3, 3 in system#4]
2026-04-18 17:04:37,133 INFO [ibu-kita-kartini]       StepMonitoring.java:98   | CHORDS
2026-04-18 17:04:37,158 INFO [ibu-kita-kartini]       StepMonitoring.java:98   | CURVES
2026-04-18 17:04:38,316 INFO [ibu-kita-kartini]         SlursBuilder.java:240  | Slurs: 0
2026-04-18 17:04:38,360 INFO [ibu-kita-kartini]      SegmentsBuilder.java:155  | Segments: 23
2026-04-18 17:04:38,377 INFO [ibu-kita-kartini]       StepMonitoring.java:98   | SYMBOLS
2026-04-18 17:04:38,674 INFO [ibu-kita-kartini]       StepMonitoring.java:98   | LINKS
2026-04-18 17:04:38,726 INFO [ibu-kita-kartini]       StepMonitoring.java:98   | RHYTHMS
2026-04-18 17:04:38,816 INFO [ibu-kita-kartini]       StepMonitoring.java:98   | PAGE
2026-04-18 17:04:38,822 INFO [ibu-kita-kartini]                 Book.java:2550 | Book{ibu-kita-kartini} storing
2026-04-18 17:04:38,899 INFO [ibu-kita-kartini]                 Book.java:2531 | Stored /book.xml
2026-04-18 17:04:39,044 INFO [ibu-kita-kartini]           DataHolder.java:348  | Stored /sheet#1/BINARY.png
2026-04-18 17:04:39,822 INFO [ibu-kita-kartini]                Sheet.java:1583 | Stored /sheet#1/sheet#1.xml
2026-04-18 17:04:39,822 INFO [ibu-kita-kartini]                 Book.java:2491 | Book stored as C:\Users\user\Documents\praktikum-iot\MXL\ibu-kita-kartini.omr
2026-04-18 17:04:39,827 INFO [ibu-kita-kartini]            SheetStub.java:1660 | Disposed sheet
2026-04-18 17:04:39,906 INFO [ibu-kita-kartini]                 Book.java:2018 | End of Stub#1 memory: 39,682,104
2026-04-18 17:04:39,906 INFO [ibu-kita-kartini]                 Book.java:2025 | Book processed.
2026-04-18 17:04:40,591 INFO [ibu-kita-kartini]            SheetStub.java:997  | Loaded /sheet#1/sheet#1.xml
2026-04-18 17:04:41,513 INFO [ibu-kita-kartini]      PartwiseBuilder.java:2661 | Exporting sheet(s): [#1]
2026-04-18 17:04:41,677 INFO [ibu-kita-kartini]        ScoreExporter.java:164  | Score ibu-kita-kartini exported to C:\Users\user\Documents\praktikum-iot\MXL\ibu-kita-kartini.mxl
2026-04-18 17:04:41,739 INFO [ibu-kita-kartini]                Score.java:181  | Closing {Score 1}
