2026-05-03 18:16:20,715 INFO [ibu-kita-kartini]                 Book.java:560  | 1 sheet in C:\Users\HP\Documents\EngPhys\SemesterVI\TF4017 Industrial Internet of Things\iiot-capstone-01\scores\pdf\ibu-kita-kartini.pdf
2026-05-03 18:16:20,810 INFO []                 Book.java:2565 | Stored /book.xml
2026-05-03 18:16:20,811 INFO []                 Book.java:2525 | Book stored as C:\Users\HP\Documents\EngPhys\SemesterVI\TF4017 Industrial Internet of Things\iiot-capstone-01\scores\mxl\ibu-kita-kartini.omr
2026-05-03 18:16:20,817 INFO []                 Book.java:1929 | Book reaching PAGE on sheets:[#1]
2026-05-03 18:16:20,819 INFO [ibu-kita-kartini]       StepMonitoring.java:98   | LOAD
2026-05-03 18:16:21,129 INFO [ibu-kita-kartini]            SheetStub.java:1278 | Loaded image #1 2479x3508 from C:\Users\HP\Documents\EngPhys\SemesterVI\TF4017 Industrial Internet of Things\iiot-capstone-01\scores\pdf\ibu-kita-kartini.pdf
2026-05-03 18:16:21,133 INFO [ibu-kita-kartini]       StepMonitoring.java:98   | BINARY
2026-05-03 18:16:21,711 INFO [ibu-kita-kartini]       StepMonitoring.java:98   | SCALE
2026-05-03 18:16:21,730 INFO [ibu-kita-kartini]         ScaleBuilder.java:255  | Beam  guessed height: 13 -- mid of [6..20]
2026-05-03 18:16:21,731 INFO [ibu-kita-kartini]         ScaleBuilder.java:271  | Beam measured height: 11 -- 0.36 of [6..20] range at 272% of needed quorum
2026-05-03 18:16:21,731 INFO [ibu-kita-kartini]         ScaleBuilder.java:401  | Normalized black jitter: 4.76 %
2026-05-03 18:16:21,731 INFO [ibu-kita-kartini]            ScaleStep.java:65   | Scale{ interline(20,21,21) line(2,2,3) beam(11)}
2026-05-03 18:16:21,732 INFO [ibu-kita-kartini]       StepMonitoring.java:98   | GRID
2026-05-03 18:16:22,038 INFO [ibu-kita-kartini]       LinesRetriever.java:1500 | Global slope: 0.00000
2026-05-03 18:16:22,068 INFO [ibu-kita-kartini]    ClustersRetriever.java:326  | Retrieved raw line clusters: 8 of sizes [5] with interline(20,21,21)
2026-05-03 18:16:22,167 INFO [ibu-kita-kartini]            PeakGraph.java:310  | Systems: #1[1, 2] #2[3, 4] #3[5, 6] #4[7, 8]
2026-05-03 18:16:22,360 INFO [ibu-kita-kartini]        SystemManager.java:779  | 1 part along 4 systems
2026-05-03 18:16:22,361 INFO [ibu-kita-kartini]                 Book.java:543  | Created scores: [{Score 1}]
2026-05-03 18:16:22,361 INFO [ibu-kita-kartini]       StepMonitoring.java:98   | HEADERS
2026-05-03 18:16:23,114 INFO [ibu-kita-kartini]       StepMonitoring.java:98   | STEM_SEEDS
2026-05-03 18:16:23,158 INFO [ibu-kita-kartini]        StemSeedsStep.java:86   | stem(3 max:3)
2026-05-03 18:16:23,194 INFO [ibu-kita-kartini]       StepMonitoring.java:98   | BEAMS
2026-05-03 18:16:25,927 INFO [ibu-kita-kartini]       StepMonitoring.java:98   | LEDGERS
2026-05-03 18:16:26,050 INFO [ibu-kita-kartini]       StepMonitoring.java:98   | HEADS
2026-05-03 18:16:29,902 INFO [ibu-kita-kartini]        HeadSeedTally.java:235  | Scale information: HeadSeeds{NOTEHEAD_BLACK[L:-0.5]}
2026-05-03 18:16:29,902 INFO [ibu-kita-kartini]       StepMonitoring.java:98   | STEMS
2026-05-03 18:16:30,312 INFO [ibu-kita-kartini]       StepMonitoring.java:98   | REDUCTION
2026-05-03 18:16:30,375 INFO [ibu-kita-kartini]        ReductionStep.java:105  | Stems free length median value: 74 pixels, 3.5 interlines
2026-05-03 18:16:30,378 INFO [ibu-kita-kartini]       StepMonitoring.java:98   | CUE_BEAMS
2026-05-03 18:16:30,378 INFO [ibu-kita-kartini]         CueBeamsStep.java:81   | Step CUE_BEAMS is skipped because small heads switch is off
2026-05-03 18:16:30,379 INFO [ibu-kita-kartini]       StepMonitoring.java:98   | TEXTS
2026-05-03 18:16:31,063 INFO [ibu-kita-kartini]       StepMonitoring.java:98   | MEASURES
2026-05-03 18:16:31,070 INFO [ibu-kita-kartini]                 Page.java:307  | 18 raw measures: [5 in system#1, 5 in system#2, 5 in system#3, 3 in system#4]
2026-05-03 18:16:31,070 INFO [ibu-kita-kartini]       StepMonitoring.java:98   | CHORDS
2026-05-03 18:16:31,084 INFO [ibu-kita-kartini]       StepMonitoring.java:98   | CURVES
2026-05-03 18:16:31,708 INFO [ibu-kita-kartini]         SlursBuilder.java:240  | Slurs: 0
2026-05-03 18:16:31,721 INFO [ibu-kita-kartini]      SegmentsBuilder.java:155  | Segments: 23
2026-05-03 18:16:31,731 INFO [ibu-kita-kartini]       StepMonitoring.java:98   | SYMBOLS
2026-05-03 18:16:31,924 INFO [ibu-kita-kartini]       StepMonitoring.java:98   | LINKS
2026-05-03 18:16:31,964 INFO [ibu-kita-kartini]       StepMonitoring.java:98   | RHYTHMS
2026-05-03 18:16:32,020 INFO [ibu-kita-kartini]       StepMonitoring.java:98   | PAGE
2026-05-03 18:16:32,025 INFO [ibu-kita-kartini]                 Book.java:2584 | Book{ibu-kita-kartini} storing
2026-05-03 18:16:32,064 INFO [ibu-kita-kartini]                 Book.java:2565 | Stored /book.xml
2026-05-03 18:16:32,157 INFO [ibu-kita-kartini]           DataHolder.java:348  | Stored /sheet#1/BINARY.png
2026-05-03 18:16:32,598 INFO [ibu-kita-kartini]                Sheet.java:1583 | Stored /sheet#1/sheet#1.xml
2026-05-03 18:16:32,598 INFO [ibu-kita-kartini]                 Book.java:2525 | Book stored as C:\Users\HP\Documents\EngPhys\SemesterVI\TF4017 Industrial Internet of Things\iiot-capstone-01\scores\mxl\ibu-kita-kartini.omr
2026-05-03 18:16:32,604 INFO [ibu-kita-kartini]            SheetStub.java:1655 | Sheet disposed
2026-05-03 18:16:32,631 INFO [ibu-kita-kartini]                 Book.java:2050 | End of Stub#1
2026-05-03 18:16:32,631 INFO [ibu-kita-kartini]                 Book.java:2057 | End of Book{ibu-kita-kartini}
2026-05-03 18:16:33,021 INFO [ibu-kita-kartini]            SheetStub.java:1000 | Loaded /sheet#1/sheet#1.xml
2026-05-03 18:16:33,356 INFO [ibu-kita-kartini]      PartwiseBuilder.java:2706 | Exporting sheet(s): [#1]
2026-05-03 18:16:33,454 INFO [ibu-kita-kartini]        ScoreExporter.java:164  | Score ibu-kita-kartini exported to C:\Users\HP\Documents\EngPhys\SemesterVI\TF4017 Industrial Internet of Things\iiot-capstone-01\scores\mxl\ibu-kita-kartini.mxl
2026-05-03 18:16:33,493 INFO [ibu-kita-kartini]                Score.java:181  | Closing {Score 1}
