2026-06-15 15:30:22,511 ERROR [ibu-kita-kartini]              IOUtils.java:278  | Unmapping is not supported.
java.lang.reflect.InaccessibleObjectException: Unable to make public jdk.internal.ref.Cleaner java.nio.DirectByteBuffer.cleaner() accessible: module java.base does not "opens java.nio" to unnamed module @54bff557
	at java.base/java.lang.reflect.AccessibleObject.throwInaccessibleObjectException(Unknown Source)
	at java.base/java.lang.reflect.AccessibleObject.checkCanSetAccessible(Unknown Source)
	at java.base/java.lang.reflect.AccessibleObject.checkCanSetAccessible(Unknown Source)
	at java.base/java.lang.reflect.Method.checkCanSetAccessible(Unknown Source)
	at java.base/java.lang.reflect.Method.setAccessible(Unknown Source)
	at org.apache.pdfbox.io.IOUtils.unmapper(IOUtils.java:244)
	at java.base/java.security.AccessController.doPrivileged(Unknown Source)
	at org.apache.pdfbox.io.IOUtils.<clinit>(IOUtils.java:69)
	at org.apache.pdfbox.Loader.loadPDF(Loader.java:378)
	at org.audiveris.omr.image.ImageLoading.getPdfLoader(ImageLoading.java:159)
	at org.audiveris.omr.image.ImageLoading.getLoader(ImageLoading.java:209)
	at org.audiveris.omr.sheet.Book.createStubs(Book.java:557)
	at org.audiveris.omr.CLI$ProcessingTask.processBook(CLI.java:830)
	at org.audiveris.omr.CLI$CliTask.call(CLI.java:504)
	at org.audiveris.omr.Main.runBatchTasks(Main.java:371)
	at org.audiveris.omr.Main.main(Main.java:260)
	at Audiveris.main(Audiveris.java:50)
2026-06-15 15:30:22,559 INFO [ibu-kita-kartini]                 Book.java:562  | 1 sheet in C:\Users\user\Documents\praktikum-iot\iiot-capstone-01\scores\pdf\ibu-kita-kartini.pdf
2026-06-15 15:30:22,688 INFO []                 Book.java:2531 | Stored /book.xml
2026-06-15 15:30:22,688 INFO []                 Book.java:2491 | Book stored as C:\Users\user\Documents\praktikum-iot\iiot-capstone-01\scores\mxl\ibu-kita-kartini.omr
2026-06-15 15:30:22,692 INFO []                 Book.java:1933 | Book reaching PAGE on sheets:[#1]
2026-06-15 15:30:22,693 INFO [ibu-kita-kartini]       StepMonitoring.java:98   | LOAD
2026-06-15 15:30:23,140 INFO [ibu-kita-kartini]            SheetStub.java:1273 | Loaded image #1 2479x3508 from C:\Users\user\Documents\praktikum-iot\iiot-capstone-01\scores\pdf\ibu-kita-kartini.pdf
2026-06-15 15:30:23,145 INFO [ibu-kita-kartini]       StepMonitoring.java:98   | BINARY
2026-06-15 15:30:23,591 INFO [ibu-kita-kartini]       StepMonitoring.java:98   | SCALE
2026-06-15 15:30:23,613 INFO [ibu-kita-kartini]         ScaleBuilder.java:241  | Beam  guessed height: 10 -- 0.50 of 21 interline
2026-06-15 15:30:23,614 INFO [ibu-kita-kartini]         ScaleBuilder.java:264  | Beam measured height: 11 -- 0.33 of [6..21] range at 272% of needed quorum
2026-06-15 15:30:23,614 INFO [ibu-kita-kartini]            ScaleStep.java:65   | Scale{ interline(20,21,21) line(2,2,3) beam(11)}
2026-06-15 15:30:23,615 INFO [ibu-kita-kartini]       StepMonitoring.java:98   | GRID
2026-06-15 15:30:24,292 INFO [ibu-kita-kartini]       LinesRetriever.java:1500 | Global slope: 0.00000
2026-06-15 15:30:24,346 INFO [ibu-kita-kartini]    ClustersRetriever.java:328  | Retrieved raw line clusters: 8 of sizes [5] with interline(20,21,21)
2026-06-15 15:30:24,527 INFO [ibu-kita-kartini]            PeakGraph.java:310  | Systems: #1[1, 2] #2[3, 4] #3[5, 6] #4[7, 8]
2026-06-15 15:30:24,899 INFO [ibu-kita-kartini]        SystemManager.java:779  | 1 part along 4 systems
2026-06-15 15:30:24,900 INFO [ibu-kita-kartini]                 Book.java:545  | Created scores: [{Score 1}]
2026-06-15 15:30:24,901 INFO [ibu-kita-kartini]       StepMonitoring.java:98   | HEADERS
2026-06-15 15:30:25,202 INFO [ibu-kita-kartini]      BasicClassifier.java:277  | Classifier loaded XML norms.
2026-06-15 15:30:25,208 INFO [ibu-kita-kartini]   AbstractClassifier.java:396  | Classifier data loaded from default uri jar:file:/C:/Program%20Files/Audiveris/app/audiveris.jar!/res/basic-classifier.zip
2026-06-15 15:30:26,164 INFO [ibu-kita-kartini]       StepMonitoring.java:98   | STEM_SEEDS
2026-06-15 15:30:26,217 INFO [ibu-kita-kartini]        StemSeedsStep.java:86   | stem(3 max:3)
2026-06-15 15:30:26,292 INFO [ibu-kita-kartini]       StepMonitoring.java:98   | BEAMS
2026-06-15 15:30:29,767 INFO [ibu-kita-kartini]       StepMonitoring.java:98   | LEDGERS
2026-06-15 15:30:30,041 INFO [ibu-kita-kartini]       StepMonitoring.java:98   | HEADS
2026-06-15 15:30:35,401 INFO [ibu-kita-kartini]        HeadSeedTally.java:235  | Scale information: HeadSeeds{NOTEHEAD_BLACK[L:-0.5]}
2026-06-15 15:30:35,401 INFO [ibu-kita-kartini]       StepMonitoring.java:98   | STEMS
2026-06-15 15:30:36,228 INFO [ibu-kita-kartini]       StepMonitoring.java:98   | REDUCTION
2026-06-15 15:30:36,412 INFO [ibu-kita-kartini]        ReductionStep.java:105  | Stems free length median value: 74 pixels, 3.5 interlines
2026-06-15 15:30:36,423 INFO [ibu-kita-kartini]       StepMonitoring.java:98   | CUE_BEAMS
2026-06-15 15:30:36,424 INFO [ibu-kita-kartini]         CueBeamsStep.java:81   | Step CUE_BEAMS is skipped because small heads switch is off
2026-06-15 15:30:36,425 INFO [ibu-kita-kartini]       StepMonitoring.java:98   | TEXTS
2026-06-15 15:30:37,209 INFO [ibu-kita-kartini]       StepMonitoring.java:98   | MEASURES
2026-06-15 15:30:37,220 INFO [ibu-kita-kartini]                 Page.java:307  | 18 raw measures: [5 in system#1, 5 in system#2, 5 in system#3, 3 in system#4]
2026-06-15 15:30:37,220 INFO [ibu-kita-kartini]       StepMonitoring.java:98   | CHORDS
2026-06-15 15:30:37,245 INFO [ibu-kita-kartini]       StepMonitoring.java:98   | CURVES
2026-06-15 15:30:38,087 INFO [ibu-kita-kartini]         SlursBuilder.java:240  | Slurs: 0
2026-06-15 15:30:38,107 INFO [ibu-kita-kartini]      SegmentsBuilder.java:155  | Segments: 23
2026-06-15 15:30:38,120 INFO [ibu-kita-kartini]       StepMonitoring.java:98   | SYMBOLS
2026-06-15 15:30:38,388 INFO [ibu-kita-kartini]       StepMonitoring.java:98   | LINKS
2026-06-15 15:30:38,432 INFO [ibu-kita-kartini]       StepMonitoring.java:98   | RHYTHMS
2026-06-15 15:30:38,529 INFO [ibu-kita-kartini]       StepMonitoring.java:98   | PAGE
2026-06-15 15:30:38,540 INFO [ibu-kita-kartini]                 Book.java:2550 | Book{ibu-kita-kartini} storing
2026-06-15 15:30:38,606 INFO [ibu-kita-kartini]                 Book.java:2531 | Stored /book.xml
2026-06-15 15:30:38,727 INFO [ibu-kita-kartini]           DataHolder.java:348  | Stored /sheet#1/BINARY.png
2026-06-15 15:30:39,472 INFO [ibu-kita-kartini]                Sheet.java:1583 | Stored /sheet#1/sheet#1.xml
2026-06-15 15:30:39,472 INFO [ibu-kita-kartini]                 Book.java:2491 | Book stored as C:\Users\user\Documents\praktikum-iot\iiot-capstone-01\scores\mxl\ibu-kita-kartini.omr
2026-06-15 15:30:39,477 INFO [ibu-kita-kartini]            SheetStub.java:1660 | Disposed sheet
2026-06-15 15:30:39,549 INFO [ibu-kita-kartini]                 Book.java:2018 | End of Stub#1 memory: 39,142,520
2026-06-15 15:30:39,550 INFO [ibu-kita-kartini]                 Book.java:2025 | Book processed.
2026-06-15 15:30:40,039 INFO [ibu-kita-kartini]            SheetStub.java:997  | Loaded /sheet#1/sheet#1.xml
2026-06-15 15:30:40,521 INFO [ibu-kita-kartini]      PartwiseBuilder.java:2661 | Exporting sheet(s): [#1]
2026-06-15 15:30:40,778 INFO [ibu-kita-kartini]        ScoreExporter.java:164  | Score ibu-kita-kartini exported to C:\Users\user\Documents\praktikum-iot\iiot-capstone-01\scores\mxl\ibu-kita-kartini.mxl
2026-06-15 15:30:40,850 INFO [ibu-kita-kartini]                Score.java:181  | Closing {Score 1}
