2026-06-19 17:22:22,123 INFO [ibu-kita-kartini]                 Book.java:560  | 1 sheet in C:\Users\HP\Documents\EngPhys\SemesterVI\TF4017 Industrial Internet of Things\iiot-capstone-01\scores\pdf\ibu-kita-kartini.pdf
2026-06-19 17:22:22,229 INFO []                 Book.java:2565 | Stored /book.xml
2026-06-19 17:22:22,229 INFO []                 Book.java:2525 | Book stored as C:\Users\HP\Documents\EngPhys\SemesterVI\TF4017 Industrial Internet of Things\iiot-capstone-01\scores\mxl\ibu-kita-kartini.omr
2026-06-19 17:22:22,242 INFO []                 Book.java:1929 | Book reaching PAGE on sheets:[#1]
2026-06-19 17:22:22,244 INFO [ibu-kita-kartini]       StepMonitoring.java:98   | LOAD
2026-06-19 17:22:22,491 INFO [ibu-kita-kartini]            SheetStub.java:1278 | Loaded image #1 2479x3508 from C:\Users\HP\Documents\EngPhys\SemesterVI\TF4017 Industrial Internet of Things\iiot-capstone-01\scores\pdf\ibu-kita-kartini.pdf
2026-06-19 17:22:22,549 INFO [ibu-kita-kartini]       StepMonitoring.java:98   | BINARY
2026-06-19 17:22:23,071 INFO [ibu-kita-kartini]       StepMonitoring.java:98   | SCALE
2026-06-19 17:22:23,091 INFO [ibu-kita-kartini]         ScaleBuilder.java:255  | Beam  guessed height: 13 -- mid of [6..20]
2026-06-19 17:22:23,092 INFO [ibu-kita-kartini]         ScaleBuilder.java:271  | Beam measured height: 11 -- 0.36 of [6..20] range at 272% of needed quorum
2026-06-19 17:22:23,092 INFO [ibu-kita-kartini]         ScaleBuilder.java:401  | Normalized black jitter: 4.76 %
2026-06-19 17:22:23,092 INFO [ibu-kita-kartini]            ScaleStep.java:65   | Scale{ interline(20,21,21) line(2,2,3) beam(11)}
2026-06-19 17:22:23,093 INFO [ibu-kita-kartini]       StepMonitoring.java:98   | GRID
2026-06-19 17:22:23,413 INFO [ibu-kita-kartini]       LinesRetriever.java:1500 | Global slope: 0.00000
2026-06-19 17:22:23,442 INFO [ibu-kita-kartini]    ClustersRetriever.java:326  | Retrieved raw line clusters: 8 of sizes [5] with interline(20,21,21)
2026-06-19 17:22:23,548 INFO [ibu-kita-kartini]            PeakGraph.java:310  | Systems: #1[1, 2] #2[3, 4] #3[5, 6] #4[7, 8]
2026-06-19 17:22:23,821 INFO [ibu-kita-kartini]        SystemManager.java:779  | 1 part along 4 systems
2026-06-19 17:22:23,821 INFO [ibu-kita-kartini]                 Book.java:543  | Created scores: [{Score 1}]
2026-06-19 17:22:23,822 INFO [ibu-kita-kartini]       StepMonitoring.java:98   | HEADERS
2026-06-19 17:22:24,603 INFO [ibu-kita-kartini]       StepMonitoring.java:98   | STEM_SEEDS
2026-06-19 17:22:24,643 INFO [ibu-kita-kartini]        StemSeedsStep.java:86   | stem(3 max:3)
2026-06-19 17:22:24,679 INFO [ibu-kita-kartini]       StepMonitoring.java:98   | BEAMS
2026-06-19 17:22:27,515 INFO [ibu-kita-kartini]       StepMonitoring.java:98   | LEDGERS
2026-06-19 17:22:27,704 INFO [ibu-kita-kartini]       StepMonitoring.java:98   | HEADS
2026-06-19 17:22:31,868 INFO [ibu-kita-kartini]        HeadSeedTally.java:235  | Scale information: HeadSeeds{NOTEHEAD_BLACK[L:-0.5]}
2026-06-19 17:22:31,869 INFO [ibu-kita-kartini]       StepMonitoring.java:98   | STEMS
2026-06-19 17:22:32,294 INFO [ibu-kita-kartini]       StepMonitoring.java:98   | REDUCTION
2026-06-19 17:22:32,361 INFO [ibu-kita-kartini]        ReductionStep.java:105  | Stems free length median value: 74 pixels, 3.5 interlines
2026-06-19 17:22:32,365 INFO [ibu-kita-kartini]       StepMonitoring.java:98   | CUE_BEAMS
2026-06-19 17:22:32,365 INFO [ibu-kita-kartini]         CueBeamsStep.java:81   | Step CUE_BEAMS is skipped because small heads switch is off
2026-06-19 17:22:32,365 INFO [ibu-kita-kartini]       StepMonitoring.java:98   | TEXTS
2026-06-19 17:22:33,053 INFO [ibu-kita-kartini]       StepMonitoring.java:98   | MEASURES
2026-06-19 17:22:33,061 INFO [ibu-kita-kartini]                 Page.java:307  | 18 raw measures: [5 in system#1, 5 in system#2, 5 in system#3, 3 in system#4]
2026-06-19 17:22:33,061 INFO [ibu-kita-kartini]       StepMonitoring.java:98   | CHORDS
2026-06-19 17:22:33,076 INFO [ibu-kita-kartini]       StepMonitoring.java:98   | CURVES
2026-06-19 17:22:33,722 INFO [ibu-kita-kartini]         SlursBuilder.java:240  | Slurs: 0
2026-06-19 17:22:33,736 INFO [ibu-kita-kartini]      SegmentsBuilder.java:155  | Segments: 23
2026-06-19 17:22:33,748 INFO [ibu-kita-kartini]       StepMonitoring.java:98   | SYMBOLS
2026-06-19 17:22:33,956 INFO [ibu-kita-kartini]       StepMonitoring.java:98   | LINKS
2026-06-19 17:22:33,985 INFO [ibu-kita-kartini]       StepMonitoring.java:98   | RHYTHMS
2026-06-19 17:22:34,036 INFO [ibu-kita-kartini]       StepMonitoring.java:98   | PAGE
2026-06-19 17:22:34,041 INFO [ibu-kita-kartini]                 Book.java:2584 | Book{ibu-kita-kartini} storing
2026-06-19 17:22:34,076 INFO [ibu-kita-kartini]                 Book.java:2565 | Stored /book.xml
2026-06-19 17:22:34,202 INFO [ibu-kita-kartini]           DataHolder.java:348  | Stored /sheet#1/BINARY.png
2026-06-19 17:22:34,689 INFO [ibu-kita-kartini]                Sheet.java:1583 | Stored /sheet#1/sheet#1.xml
2026-06-19 17:22:34,689 INFO [ibu-kita-kartini]                 Book.java:2525 | Book stored as C:\Users\HP\Documents\EngPhys\SemesterVI\TF4017 Industrial Internet of Things\iiot-capstone-01\scores\mxl\ibu-kita-kartini.omr
2026-06-19 17:22:34,740 INFO [ibu-kita-kartini]            SheetStub.java:1655 | Sheet disposed
2026-06-19 17:22:34,796 INFO [ibu-kita-kartini]                 Book.java:2050 | End of Stub#1
2026-06-19 17:22:34,798 INFO [ibu-kita-kartini]                 Book.java:2057 | End of Book{ibu-kita-kartini}
2026-06-19 17:22:35,104 INFO [ibu-kita-kartini]            SheetStub.java:1000 | Loaded /sheet#1/sheet#1.xml
2026-06-19 17:22:35,390 INFO [ibu-kita-kartini]      PartwiseBuilder.java:2706 | Exporting sheet(s): [#1]
2026-06-19 17:22:35,471 INFO [ibu-kita-kartini]        ScoreExporter.java:164  | Score ibu-kita-kartini exported to C:\Users\HP\Documents\EngPhys\SemesterVI\TF4017 Industrial Internet of Things\iiot-capstone-01\scores\mxl\ibu-kita-kartini.mxl
2026-06-19 17:22:35,507 INFO [ibu-kita-kartini]                Score.java:181  | Closing {Score 1}
