2026-06-19 17:44:51,439 INFO [ibu-kita-kartini]                 Book.java:560  | 1 sheet in C:\Users\HP\Documents\EngPhys\SemesterVI\TF4017 Industrial Internet of Things\iiot-capstone-01\scores\pdf\ibu-kita-kartini.pdf
2026-06-19 17:44:51,622 INFO []                 Book.java:2565 | Stored /book.xml
2026-06-19 17:44:51,622 INFO []                 Book.java:2525 | Book stored as C:\Users\HP\Documents\EngPhys\SemesterVI\TF4017 Industrial Internet of Things\iiot-capstone-01\scores\mxl\ibu-kita-kartini.omr
2026-06-19 17:44:51,628 INFO []                 Book.java:1929 | Book reaching PAGE on sheets:[#1]
2026-06-19 17:44:51,630 INFO [ibu-kita-kartini]       StepMonitoring.java:98   | LOAD
2026-06-19 17:44:51,921 INFO [ibu-kita-kartini]            SheetStub.java:1278 | Loaded image #1 2479x3508 from C:\Users\HP\Documents\EngPhys\SemesterVI\TF4017 Industrial Internet of Things\iiot-capstone-01\scores\pdf\ibu-kita-kartini.pdf
2026-06-19 17:44:51,925 INFO [ibu-kita-kartini]       StepMonitoring.java:98   | BINARY
2026-06-19 17:44:52,546 INFO [ibu-kita-kartini]       StepMonitoring.java:98   | SCALE
2026-06-19 17:44:52,569 INFO [ibu-kita-kartini]         ScaleBuilder.java:255  | Beam  guessed height: 13 -- mid of [6..20]
2026-06-19 17:44:52,570 INFO [ibu-kita-kartini]         ScaleBuilder.java:271  | Beam measured height: 11 -- 0.36 of [6..20] range at 272% of needed quorum
2026-06-19 17:44:52,571 INFO [ibu-kita-kartini]         ScaleBuilder.java:401  | Normalized black jitter: 4.76 %
2026-06-19 17:44:52,571 INFO [ibu-kita-kartini]            ScaleStep.java:65   | Scale{ interline(20,21,21) line(2,2,3) beam(11)}
2026-06-19 17:44:52,571 INFO [ibu-kita-kartini]       StepMonitoring.java:98   | GRID
2026-06-19 17:44:52,944 INFO [ibu-kita-kartini]       LinesRetriever.java:1500 | Global slope: 0.00000
2026-06-19 17:44:52,977 INFO [ibu-kita-kartini]    ClustersRetriever.java:326  | Retrieved raw line clusters: 8 of sizes [5] with interline(20,21,21)
2026-06-19 17:44:53,141 INFO [ibu-kita-kartini]            PeakGraph.java:310  | Systems: #1[1, 2] #2[3, 4] #3[5, 6] #4[7, 8]
2026-06-19 17:44:53,386 INFO [ibu-kita-kartini]        SystemManager.java:779  | 1 part along 4 systems
2026-06-19 17:44:53,387 INFO [ibu-kita-kartini]                 Book.java:543  | Created scores: [{Score 1}]
2026-06-19 17:44:53,388 INFO [ibu-kita-kartini]       StepMonitoring.java:98   | HEADERS
2026-06-19 17:44:54,197 INFO [ibu-kita-kartini]       StepMonitoring.java:98   | STEM_SEEDS
2026-06-19 17:44:54,240 INFO [ibu-kita-kartini]        StemSeedsStep.java:86   | stem(3 max:3)
2026-06-19 17:44:54,276 INFO [ibu-kita-kartini]       StepMonitoring.java:98   | BEAMS
2026-06-19 17:44:57,095 INFO [ibu-kita-kartini]       StepMonitoring.java:98   | LEDGERS
2026-06-19 17:44:57,239 INFO [ibu-kita-kartini]       StepMonitoring.java:98   | HEADS
