2026-06-15 14:46:08,844 ERROR [ibu-kita-kartini]              IOUtils.java:278  | Unmapping is not supported.
java.lang.reflect.InaccessibleObjectException: Unable to make public jdk.internal.ref.Cleaner java.nio.DirectByteBuffer.cleaner() accessible: module java.base does not "opens java.nio" to unnamed module @54bff557
	at java.base/java.lang.reflect.AccessibleObject.throwInaccessibleObjectException(Unknown Source)
	at java.base/java.lang.reflect.AccessibleObject.checkCanSetAccessible(Unknown Source)
	at java.base/java.lang.reflect.AccessibleObject.checkCanSetAccessible(Unknown Source)
	at java.base/java.lang.reflect.Method.checkCanSetAccessible(Unknown Source)
	at java.base/java.lang.reflect.Method.setAccessible(Unknown Source)
	at org.apache.pdfbox.io.IOUtils.unmapper(IOUtils.java:244)
	at java.base/java.security.AccessController.doPrivileged(Unknown Source)
	at org.apache.pdfbox.io.IOUtils.<clinit>(IOUtils.java:69)
	at org.apache.pdfbox.Loader.loadPDF(Loader.java:378)
	at org.audiveris.omr.image.ImageLoading.getPdfLoader(ImageLoading.java:159)
	at org.audiveris.omr.image.ImageLoading.getLoader(ImageLoading.java:209)
	at org.audiveris.omr.sheet.Book.createStubs(Book.java:557)
	at org.audiveris.omr.CLI$ProcessingTask.processBook(CLI.java:830)
	at org.audiveris.omr.CLI$CliTask.call(CLI.java:504)
	at org.audiveris.omr.Main.runBatchTasks(Main.java:371)
	at org.audiveris.omr.Main.main(Main.java:260)
	at Audiveris.main(Audiveris.java:50)
2026-06-15 14:46:08,903 INFO [ibu-kita-kartini]                 Book.java:562  | 1 sheet in C:\Users\user\Documents\praktikum-iot\iiot-capstone-01\scores\pdf\ibu-kita-kartini.pdf
2026-06-15 14:46:09,073 INFO []                 Book.java:2531 | Stored /book.xml
2026-06-15 14:46:09,074 INFO []                 Book.java:2491 | Book stored as C:\Users\user\Documents\praktikum-iot\iiot-capstone-01\scores\mxl\ibu-kita-kartini.omr
2026-06-15 14:46:09,078 INFO []                 Book.java:1933 | Book reaching PAGE on sheets:[#1]
2026-06-15 14:46:09,081 INFO [ibu-kita-kartini]       StepMonitoring.java:98   | LOAD
2026-06-15 14:46:09,572 INFO [ibu-kita-kartini]            SheetStub.java:1273 | Loaded image #1 2479x3508 from C:\Users\user\Documents\praktikum-iot\iiot-capstone-01\scores\pdf\ibu-kita-kartini.pdf
2026-06-15 14:46:09,576 INFO [ibu-kita-kartini]       StepMonitoring.java:98   | BINARY
2026-06-15 14:46:10,085 INFO [ibu-kita-kartini]       StepMonitoring.java:98   | SCALE
2026-06-15 14:46:10,110 INFO [ibu-kita-kartini]         ScaleBuilder.java:241  | Beam  guessed height: 10 -- 0.50 of 21 interline
2026-06-15 14:46:10,111 INFO [ibu-kita-kartini]         ScaleBuilder.java:264  | Beam measured height: 11 -- 0.33 of [6..21] range at 272% of needed quorum
2026-06-15 14:46:10,112 INFO [ibu-kita-kartini]            ScaleStep.java:65   | Scale{ interline(20,21,21) line(2,2,3) beam(11)}
2026-06-15 14:46:10,113 INFO [ibu-kita-kartini]       StepMonitoring.java:98   | GRID
2026-06-15 14:46:10,721 INFO [ibu-kita-kartini]       LinesRetriever.java:1500 | Global slope: 0.00000
2026-06-15 14:46:10,782 INFO [ibu-kita-kartini]    ClustersRetriever.java:328  | Retrieved raw line clusters: 8 of sizes [5] with interline(20,21,21)
2026-06-15 14:46:10,996 INFO [ibu-kita-kartini]            PeakGraph.java:310  | Systems: #1[1, 2] #2[3, 4] #3[5, 6] #4[7, 8]
2026-06-15 14:46:11,314 INFO [ibu-kita-kartini]        SystemManager.java:779  | 1 part along 4 systems
2026-06-15 14:46:11,315 INFO [ibu-kita-kartini]                 Book.java:545  | Created scores: [{Score 1}]
2026-06-15 14:46:11,316 INFO [ibu-kita-kartini]       StepMonitoring.java:98   | HEADERS
2026-06-15 14:46:11,668 INFO [ibu-kita-kartini]      BasicClassifier.java:277  | Classifier loaded XML norms.
2026-06-15 14:46:11,675 INFO [ibu-kita-kartini]   AbstractClassifier.java:396  | Classifier data loaded from default uri jar:file:/C:/Program%20Files/Audiveris/app/audiveris.jar!/res/basic-classifier.zip
2026-06-15 14:46:12,593 INFO [ibu-kita-kartini]       StepMonitoring.java:98   | STEM_SEEDS
2026-06-15 14:46:12,647 INFO [ibu-kita-kartini]        StemSeedsStep.java:86   | stem(3 max:3)
2026-06-15 14:46:12,726 INFO [ibu-kita-kartini]       StepMonitoring.java:98   | BEAMS
2026-06-15 14:46:15,842 INFO [ibu-kita-kartini]       StepMonitoring.java:98   | LEDGERS
2026-06-15 14:46:16,257 INFO [ibu-kita-kartini]       StepMonitoring.java:98   | HEADS
2026-06-15 14:46:21,147 INFO [ibu-kita-kartini]        HeadSeedTally.java:235  | Scale information: HeadSeeds{NOTEHEAD_BLACK[L:-0.5]}
2026-06-15 14:46:21,148 INFO [ibu-kita-kartini]       StepMonitoring.java:98   | STEMS
2026-06-15 14:46:21,876 INFO [ibu-kita-kartini]       StepMonitoring.java:98   | REDUCTION
2026-06-15 14:46:22,004 INFO [ibu-kita-kartini]        ReductionStep.java:105  | Stems free length median value: 74 pixels, 3.5 interlines
2026-06-15 14:46:22,011 INFO [ibu-kita-kartini]       StepMonitoring.java:98   | CUE_BEAMS
2026-06-15 14:46:22,012 INFO [ibu-kita-kartini]         CueBeamsStep.java:81   | Step CUE_BEAMS is skipped because small heads switch is off
2026-06-15 14:46:22,012 INFO [ibu-kita-kartini]       StepMonitoring.java:98   | TEXTS
2026-06-15 14:46:22,889 INFO [ibu-kita-kartini]       StepMonitoring.java:98   | MEASURES
2026-06-15 14:46:22,902 INFO [ibu-kita-kartini]                 Page.java:307  | 18 raw measures: [5 in system#1, 5 in system#2, 5 in system#3, 3 in system#4]
2026-06-15 14:46:22,902 INFO [ibu-kita-kartini]       StepMonitoring.java:98   | CHORDS
2026-06-15 14:46:22,932 INFO [ibu-kita-kartini]       StepMonitoring.java:98   | CURVES
2026-06-15 14:46:23,732 INFO [ibu-kita-kartini]         SlursBuilder.java:240  | Slurs: 0
2026-06-15 14:46:23,753 INFO [ibu-kita-kartini]      SegmentsBuilder.java:155  | Segments: 23
2026-06-15 14:46:23,767 INFO [ibu-kita-kartini]       StepMonitoring.java:98   | SYMBOLS
2026-06-15 14:46:24,068 INFO [ibu-kita-kartini]       StepMonitoring.java:98   | LINKS
2026-06-15 14:46:24,115 INFO [ibu-kita-kartini]       StepMonitoring.java:98   | RHYTHMS
2026-06-15 14:46:24,221 INFO [ibu-kita-kartini]       StepMonitoring.java:98   | PAGE
2026-06-15 14:46:24,229 INFO [ibu-kita-kartini]                 Book.java:2550 | Book{ibu-kita-kartini} storing
2026-06-15 14:46:24,302 INFO [ibu-kita-kartini]                 Book.java:2531 | Stored /book.xml
2026-06-15 14:46:24,432 INFO [ibu-kita-kartini]           DataHolder.java:348  | Stored /sheet#1/BINARY.png
2026-06-15 14:46:25,201 INFO [ibu-kita-kartini]                Sheet.java:1583 | Stored /sheet#1/sheet#1.xml
2026-06-15 14:46:25,202 INFO [ibu-kita-kartini]                 Book.java:2491 | Book stored as C:\Users\user\Documents\praktikum-iot\iiot-capstone-01\scores\mxl\ibu-kita-kartini.omr
2026-06-15 14:46:25,206 INFO [ibu-kita-kartini]            SheetStub.java:1660 | Disposed sheet
2026-06-15 14:46:25,295 INFO [ibu-kita-kartini]                 Book.java:2018 | End of Stub#1 memory: 39,401,496
2026-06-15 14:46:25,296 INFO [ibu-kita-kartini]                 Book.java:2025 | Book processed.
2026-06-15 14:46:25,814 INFO [ibu-kita-kartini]            SheetStub.java:997  | Loaded /sheet#1/sheet#1.xml
2026-06-15 14:46:26,694 INFO [ibu-kita-kartini]      PartwiseBuilder.java:2661 | Exporting sheet(s): [#1]
2026-06-15 14:46:26,845 INFO [ibu-kita-kartini]        ScoreExporter.java:164  | Score ibu-kita-kartini exported to C:\Users\user\Documents\praktikum-iot\iiot-capstone-01\scores\mxl\ibu-kita-kartini.mxl
2026-06-15 14:46:26,919 INFO [ibu-kita-kartini]                Score.java:181  | Closing {Score 1}
